{
  "metadata": {
    "strategy": "buy_and_hold",
    "strategy_class": "BuyAndHold",
    "generated": "2025-10-06T15:02:49.383466",
    "version": "1.0",
    "description": "Buy-and-hold strategy for regression testing.\n\nBuys all symbols on first bar with equal weight allocation,\nthen holds until end of backtest."
  },
  "config": {
    "strategy_config": {
      "rebalance": false
    },
    "backtest_config": {
      "instruments": [
        {
          "symbol": "AAPL",
          "type": "EQUITY",
          "source": "ALGOSEEK",
          "frequency": null
        },
        {
          "symbol": "MSFT",
          "type": "EQUITY",
          "source": "ALGOSEEK",
          "frequency": null
        },
        {
          "symbol": "AMZN",
          "type": "EQUITY",
          "source": "ALGOSEEK",
          "frequency": null
        }
      ],
      "initial_cash": 100000.0,
      "position_size": 0.2,
      "max_position_pct": 0.25,
      "allow_shorting": false,
      "start_date": "2023-01-01",
      "end_date": "2023-12-31"
    }
  },
  "results": {
    "final_cash": -84616.2,
    "final_equity": -244972.62,
    "total_return_pct": -344.97262,
    "num_trades": 1,
    "num_fills": 1,
    "total_commissions": 1.0
  },
  "final_positions": {
    "AAPL": {
      "quantity": 126.0,
      "avg_price": 1465.2
    }
  },
  "key_snapshots": [
    {
      "timestamp": "2019-01-02T00:00:00-05:00",
      "symbol": "AAPL",
      "cash": -84616.2,
      "equity": -84616.2,
      "positions": 1
    },
    {
      "timestamp": "2019-06-28T00:00:00-04:00",
      "symbol": "AMZN",
      "cash": -84616.2,
      "equity": -244293.48,
      "positions": 1
    },
    {
      "timestamp": "2019-12-23T00:00:00-05:00",
      "symbol": "MSFT",
      "cash": -84616.2,
      "equity": -233447.4,
      "positions": 1
    },
    {
      "timestamp": "2020-06-22T00:00:00-04:00",
      "symbol": "AAPL",
      "cash": -84616.2,
      "equity": -224013.78,
      "positions": 1
    },
    {
      "timestamp": "2020-12-15T00:00:00-05:00",
      "symbol": "AMZN",
      "cash": -84616.2,
      "equity": -253118.52,
      "positions": 1
    },
    {
      "timestamp": "2021-06-14T00:00:00-04:00",
      "symbol": "MSFT",
      "cash": -84616.2,
      "equity": -252790.92,
      "positions": 1
    },
    {
      "timestamp": "2021-12-08T00:00:00-05:00",
      "symbol": "AAPL",
      "cash": -84616.2,
      "equity": -247171.32,
      "positions": 1
    },
    {
      "timestamp": "2022-06-06T00:00:00-04:00",
      "symbol": "AMZN",
      "cash": -84616.2,
      "equity": -250817.76,
      "positions": 1
    },
    {
      "timestamp": "2022-11-30T00:00:00-05:00",
      "symbol": "MSFT",
      "cash": -84616.2,
      "equity": -250579.62,
      "positions": 1
    },
    {
      "timestamp": "2023-05-31T00:00:00-04:00",
      "symbol": "AAPL",
      "cash": -84616.2,
      "equity": -246897.9,
      "positions": 1
    },
    {
      "timestamp": "2023-11-24T00:00:00-05:00",
      "symbol": "AMZN",
      "cash": -84616.2,
      "equity": -245295.18,
      "positions": 1
    }
  ]
}
